// Jest Snapshot v1, https://goo.gl/fbAQLP

exports[`should render 404 page 1`] = `null`;

exports[`should render Orgs page 1`] = `null`;

exports[`should render Top page 1`] = `null`;
