// Jest Snapshot v1, https://goo.gl/fbAQLP

exports[`should render self and sub-components 1`] = `
<GlobalStyleComponent>
  <Component>
    <p>
      hello
    </p>
  </Component>
</GlobalStyleComponent>
`;
